---
source: tui/src/diff_render.rs
expression: terminal.backend()
---
"• Delete tmp_delete_example.txt (+0 -3)                                         "
"                                                                                "
"                                                                                "
"                                                                                "
"                                                                                "
"                                                                                "
"                                                                                "
"                                                                                "
"                                                                                "
"                                                                                "
"                                                                                "
"                                                                                "
